Program Version,EnergyPlus, Version 9.6.0-f420c06a69, YMD=2026.08.28 15:23,
   ************* Beginning Zone Sizing Calculations
   ** Warning ** GetHTSurfaceData: Surfaces with interface to Ground found but no "Ground Temperatures" were input.
   **   ~~~   ** Found first in surface=L1_ZONE_1_WALL_FLOOR
   **   ~~~   ** Defaults, constant throughout the year of (18.0) will be used.
   ** Warning ** GetSurfaceData: InterZone Surface Areas do not match as expected and might not satisfy conservation of energy:
   **   ~~~   ** ...use Output:Diagnostics,DisplayExtraWarnings; to show more details on individual mismatches.
   ** Warning ** CheckUsedConstructions: There are 9 nominally unused constructions in input.
   **   ~~~   ** For explicit details on each unused construction, use Output:Diagnostics,DisplayExtraWarnings;
   ** Severe  ** Problem in interior solar distribution calculation (CHKBKS)
   **   ~~~   **    Solar Distribution = FullInteriorExterior will not work in Zone=L1_ZONE_8
   **   ~~~   **    because one or more of vertices, such as Vertex 1 of back surface=L1_ZONE_8_WALL_EAST_1, is in front of receiving surface=L1_ZONE_8_WALL_SOUTH_2
   **   ~~~   **    (Dot Product indicator=             94.5015)
   **   ~~~   **    Check surface geometry; if OK, use Solar Distribution = FullExterior instead. Use Output:Diagnostics, DisplayExtraWarnings; for more details.
   ** Severe  ** Problem in interior solar distribution calculation (CHKBKS)
   **   ~~~   **    Solar Distribution = FullInteriorExterior will not work in Zone=L1_ZONE_8
   **   ~~~   **    because one or more of vertices, such as Vertex 1 of back surface=L1_ZONE_8_WALL_SOUTH_1, is in front of receiving surface=L1_ZONE_8_WALL_SOUTH_2
   **   ~~~   **    (Dot Product indicator=             94.5015)
   **   ~~~   **    Check surface geometry; if OK, use Solar Distribution = FullExterior instead. Use Output:Diagnostics, DisplayExtraWarnings; for more details.
   ** Severe  ** Problem in interior solar distribution calculation (CHKBKS)
   **   ~~~   **    Solar Distribution = FullInteriorExterior will not work in Zone=L1_ZONE_8
   **   ~~~   **    because one or more of vertices, such as Vertex 1 of back surface=L1_ZONE_8_WALL_WEST_1, is in front of receiving surface=L1_ZONE_8_WALL_SOUTH_2
   **   ~~~   **    (Dot Product indicator=             18.9015)
   **   ~~~   **    Check surface geometry; if OK, use Solar Distribution = FullExterior instead. Use Output:Diagnostics, DisplayExtraWarnings; for more details.
   ** Severe  ** Problem in interior solar distribution calculation (CHKBKS)
   **   ~~~   **    Solar Distribution = FullInteriorExterior will not work in Zone=L1_ZONE_8
   **   ~~~   **    because one or more of vertices, such as Vertex 3 of back surface=L1_ZONE_8_WALL_WEST_2, is in front of receiving surface=L1_ZONE_8_WALL_SOUTH_2
   **   ~~~   **    (Dot Product indicator=             18.9015)
   **   ~~~   **    Check surface geometry; if OK, use Solar Distribution = FullExterior instead. Use Output:Diagnostics, DisplayExtraWarnings; for more details.
   ** Severe  ** Problem in interior solar distribution calculation (CHKBKS)
   **   ~~~   **    Solar Distribution = FullInteriorExterior will not work in Zone=L1_ZONE_8
   **   ~~~   **    because one or more of vertices, such as Vertex 4 of back surface=L1_ZONE_8_FLOOR, is in front of receiving surface=L1_ZONE_8_WALL_SOUTH_2
   **   ~~~   **    (Dot Product indicator=             94.5015)
   **   ~~~   **    Check surface geometry; if OK, use Solar Distribution = FullExterior instead. Use Output:Diagnostics, DisplayExtraWarnings; for more details.
   ** Severe  ** Problem in interior solar distribution calculation (CHKBKS)
   **   ~~~   **    Solar Distribution = FullInteriorExterior will not work in Zone=L1_ZONE_8
   **   ~~~   **    because one or more of vertices, such as Vertex 2 of back surface=L1_ZONE_8_CEILING_2, is in front of receiving surface=L1_ZONE_8_WALL_SOUTH_2
   **   ~~~   **    (Dot Product indicator=             94.5015)
   **   ~~~   **    Check surface geometry; if OK, use Solar Distribution = FullExterior instead. Use Output:Diagnostics, DisplayExtraWarnings; for more details.
   ** Severe  ** Problem in interior solar distribution calculation (CHKBKS)
   **   ~~~   **    Solar Distribution = FullInteriorExterior will not work in Zone=L1_ZONE_8
   **   ~~~   **    because one or more of vertices, such as Vertex 2 of back surface=L1_ZONE_8_CEILING_1, is in front of receiving surface=L1_ZONE_8_WALL_SOUTH_2
   **   ~~~   **    (Dot Product indicator=             94.5015)
   **   ~~~   **    Check surface geometry; if OK, use Solar Distribution = FullExterior instead. Use Output:Diagnostics, DisplayExtraWarnings; for more details.
   ** Severe  ** Problem in interior solar distribution calculation (CHKBKS)
   **   ~~~   **    Solar Distribution = FullInteriorExterior will not work in Zone=L1_ZONE_8
   **   ~~~   **    because one or more of vertices, such as Vertex 1 of back surface=2F28D9, is in front of receiving surface=L1_ZONE_8_WALL_SOUTH_2
   **   ~~~   **    (Dot Product indicator=             94.5015)
   **   ~~~   **    Check surface geometry; if OK, use Solar Distribution = FullExterior instead. Use Output:Diagnostics, DisplayExtraWarnings; for more details.
   ** Severe  ** Problem in interior solar distribution calculation (CHKBKS)
   **   ~~~   **    Solar Distribution = FullInteriorExterior will not work in Zone=L1_ZONE_8
   **   ~~~   **    because one or more of vertices, such as Vertex 1 of back surface=213FA6, is in front of receiving surface=L1_ZONE_8_WALL_SOUTH_2
   **   ~~~   **    (Dot Product indicator=             94.5015)
   **   ~~~   **    Check surface geometry; if OK, use Solar Distribution = FullExterior instead. Use Output:Diagnostics, DisplayExtraWarnings; for more details.
   ** Severe  ** Problem in interior solar distribution calculation (CHKBKS)
   **   ~~~   **    Solar Distribution = FullInteriorExterior will not work in Zone=L1_ZONE_8
   **   ~~~   **    because one or more of vertices, such as Vertex 1 of back surface=6334D6, is in front of receiving surface=L1_ZONE_8_WALL_SOUTH_2
   **   ~~~   **    (Dot Product indicator=             94.5015)
   **   ~~~   **    Check surface geometry; if OK, use Solar Distribution = FullExterior instead. Use Output:Diagnostics, DisplayExtraWarnings; for more details.
   ** Severe  ** Problem in interior solar distribution calculation (CHKBKS)
   **   ~~~   **    Solar Distribution = FullInteriorExterior will not work in Zone=L1_ZONE_8
   **   ~~~   **    because one or more of vertices, such as Vertex 1 of back surface=EF14BC, is in front of receiving surface=L1_ZONE_8_WALL_SOUTH_2
   **   ~~~   **    (Dot Product indicator=             94.5015)
   **   ~~~   **    Check surface geometry; if OK, use Solar Distribution = FullExterior instead. Use Output:Diagnostics, DisplayExtraWarnings; for more details.
   ** Severe  ** Problem in interior solar distribution calculation (CHKBKS)
   **   ~~~   **    Solar Distribution = FullInteriorExterior will not work in Zone=L1_ZONE_8
   **   ~~~   **    because one or more of vertices, such as Vertex 1 of back surface=8E4F72, is in front of receiving surface=L1_ZONE_8_WALL_SOUTH_2
   **   ~~~   **    (Dot Product indicator=             94.5015)
   **   ~~~   **    Check surface geometry; if OK, use Solar Distribution = FullExterior instead. Use Output:Diagnostics, DisplayExtraWarnings; for more details.
   ** Severe  ** Problem in interior solar distribution calculation (CHKBKS)
   **   ~~~   **    Solar Distribution = FullInteriorExterior will not work in Zone=L1_ZONE_8
   **   ~~~   **    because one or more of vertices, such as Vertex 1 of back surface=8E6801, is in front of receiving surface=L1_ZONE_8_WALL_SOUTH_2
   **   ~~~   **    (Dot Product indicator=             94.5015)
   **   ~~~   **    Check surface geometry; if OK, use Solar Distribution = FullExterior instead. Use Output:Diagnostics, DisplayExtraWarnings; for more details.
   ** Severe  ** Problem in interior solar distribution calculation (CHKBKS)
   **   ~~~   **    Solar Distribution = FullInteriorExterior will not work in Zone=L1_ZONE_8
   **   ~~~   **    because one or more of vertices, such as Vertex 1 of back surface=BEAE98, is in front of receiving surface=L1_ZONE_8_WALL_SOUTH_2
   **   ~~~   **    (Dot Product indicator=             94.5015)
   **   ~~~   **    Check surface geometry; if OK, use Solar Distribution = FullExterior instead. Use Output:Diagnostics, DisplayExtraWarnings; for more details.
   ** Severe  ** Problem in interior solar distribution calculation (CHKBKS)
   **   ~~~   **    Solar Distribution = FullInteriorExterior will not work in Zone=L1_ZONE_8
   **   ~~~   **    because one or more of vertices, such as Vertex 1 of back surface=F2158F, is in front of receiving surface=L1_ZONE_8_WALL_SOUTH_2
   **   ~~~   **    (Dot Product indicator=             94.5015)
   **   ~~~   **    Check surface geometry; if OK, use Solar Distribution = FullExterior instead. Use Output:Diagnostics, DisplayExtraWarnings; for more details.
   ** Severe  ** Problem in interior solar distribution calculation (CHKBKS)
   **   ~~~   **    Solar Distribution = FullInteriorExterior will not work in Zone=L1_ZONE_8
   **   ~~~   **    because one or more of vertices, such as Vertex 1 of back surface=EE83AF, is in front of receiving surface=L1_ZONE_8_WALL_SOUTH_2
   **   ~~~   **    (Dot Product indicator=             94.5015)
   **   ~~~   **    Check surface geometry; if OK, use Solar Distribution = FullExterior instead. Use Output:Diagnostics, DisplayExtraWarnings; for more details.
   ** Severe  ** Problem in interior solar distribution calculation (CHKBKS)
   **   ~~~   **    Solar Distribution = FullInteriorExterior will not work in Zone=L1_ZONE_8
   **   ~~~   **    because one or more of vertices, such as Vertex 1 of back surface=25526B, is in front of receiving surface=L1_ZONE_8_WALL_SOUTH_2
   **   ~~~   **    (Dot Product indicator=             94.5015)
   **   ~~~   **    Check surface geometry; if OK, use Solar Distribution = FullExterior instead. Use Output:Diagnostics, DisplayExtraWarnings; for more details.
   ** Warning ** GetSimpleAirModelInputs: ZoneInfiltration:DesignFlowRate="BIM2BEM_L2_ZONE_24_INFILTRATION", Design Flow Rate Calculation Method specifies Flow per Exterior Surface Area, but Exterior Wall Area = 0.  0 Infiltration will result.
   ** Warning ** GetSimpleAirModelInputs: ZoneInfiltration:DesignFlowRate="BIM2BEM_L2_ZONE_30_INFILTRATION", Design Flow Rate Calculation Method specifies Flow per Exterior Surface Area, but Exterior Wall Area = 0.  0 Infiltration will result.
   ** Warning ** GetSimpleAirModelInputs: ZoneInfiltration:DesignFlowRate="BIM2BEM_L2_ZONE_40_INFILTRATION", Design Flow Rate Calculation Method specifies Flow per Exterior Surface Area, but Exterior Wall Area = 0.  0 Infiltration will result.
   ** Warning ** ManageSizing: For a plant sizing run, there must be at least 1 Sizing:Plant object input. SimulationControl Plant Sizing option ignored.
   ************* Testing Individual Branch Integrity
   ************* All Branches passed integrity testing
   ************* Testing Individual Supply Air Path Integrity
   ************* All Supply Air Paths passed integrity testing
   ************* Testing Individual Return Air Path Integrity
   ************* All Return Air Paths passed integrity testing
   ************* No node connection errors were found.
   ************* Beginning Simulation
   ************* Simulation Error Summary *************
   ************* There are 14 unused schedules in input.
   ************* Use Output:Diagnostics,DisplayUnusedSchedules; to see them.
   *************
   ************* ===== Final Error Summary =====
   ************* The following error categories occurred.  Consider correcting or noting.
   ************* InterZone Surface Areas -- mismatch
   ************* ..Area mismatch errors happen when the interzone surface in zone A is
   ************* ..not the same size as it's companion in zone B.
   ************* Nominally Unused Constructions
   ************* ..The nominally unused constructions warning is provided to alert you to potential conditions that can cause
   ************* ..extra time during simulation. Each construction is calculated by the algorithm indicated in the HeatBalanceAlgorithm
   ************* ..object. You may remove the constructions indicated (when you use the DisplayExtraWarnings option).
   *************
   ************* EnergyPlus Warmup Error Summary. During Warmup: 0 Warning; 0 Severe Errors.
   ************* EnergyPlus Sizing Error Summary. During Sizing: 7 Warning; 17 Severe Errors.
   ************* EnergyPlus Completed Successfully-- 7 Warning; 17 Severe Errors; Elapsed Time=00hr 00min 26.07sec
